
> frontend@0.0.0 type-check
> tsc --noEmit

src/app/dashboard/index.tsx(14,3): error TS6133: 'BarChart3' is declared but its value is never read.
src/app/dashboard/index.tsx(29,1): error TS6133: 'PageContainer' is declared but its value is never read.
src/app/departments/index.tsx(2,10): error TS6133: 'Building2' is declared but its value is never read.
src/app/effectiveness/index.tsx(23,9): error TS2322: Type '{ label: string; variant: "info" | "success" | "warning" | "default"; }' is not assignable to type 'IntrinsicAttributes & BadgeProps'.
  Property 'label' does not exist on type 'IntrinsicAttributes & BadgeProps'.
src/app/employees/index.tsx(48,1): error TS6133: 'formatDate' is declared but its value is never read.
src/app/employees/index.tsx(49,1): error TS6133: 'cn' is declared but its value is never read.
src/app/employees/index.tsx(128,24): error TS2551: Property 'department' does not exist on type 'Employee'. Did you mean 'department_id'?
src/app/employees/index.tsx(253,26): error TS2322: Type '{ children: Element[]; columns: number; className: string; }' is not assignable to type 'IntrinsicAttributes & FormWrapperProps'.
  Property 'columns' does not exist on type 'IntrinsicAttributes & FormWrapperProps'.
src/app/enrollments/index.tsx(8,10): error TS2305: Module '"@/components/ui/Badge"' has no exported member 'StatusBadge'.
src/app/nominations/index.tsx(8,10): error TS2305: Module '"@/components/ui/Badge"' has no exported member 'StatusBadge'.
src/app/notifications/index.tsx(4,10): error TS2305: Module '"@/components/ui/Badge"' has no exported member 'StatusBadge'.
src/app/trainings/index.tsx(9,3): error TS6133: 'Filter' is declared but its value is never read.
src/app/trainings/index.tsx(49,22): error TS6133: 'capitalize' is declared but its value is never read.
src/app/trainings/index.tsx(50,1): error TS6133: 'cn' is declared but its value is never read.
src/app/trainings/index.tsx(264,26): error TS2322: Type '{ children: Element[]; columns: number; className: string; }' is not assignable to type 'IntrinsicAttributes & FormWrapperProps'.
  Property 'columns' does not exist on type 'IntrinsicAttributes & FormWrapperProps'.
src/components/layout/Breadcrumb.tsx(4,1): error TS6133: 'cn' is declared but its value is never read.
src/components/layout/Sidebar.tsx(1,1): error TS6133: 'React' is declared but its value is never read.
src/components/layout/Topbar.tsx(1,1): error TS6133: 'React' is declared but its value is never read.
src/components/layout/Topbar.tsx(11,3): error TS6133: 'Command' is declared but its value is never read.
src/components/layout/Topbar.tsx(22,34): error TS6133: 'AvatarImage' is declared but its value is never read.
src/components/layout/Topbar.tsx(42,9): error TS6133: 'sidebarCollapsed' is declared but its value is never read.
src/components/ui/ConfirmationDialog.tsx(1,1): error TS6133: 'React' is declared but its value is never read.
src/components/ui/ExportButton.tsx(1,1): error TS6133: 'React' is declared but its value is never read.
src/components/ui/Pagination.tsx(5,18): error TS6133: 'buttonVariants' is declared but its value is never read.
